=== RUN   TestGetConnections
[GIN] 2026/01/20 - 09:57:07 | 200 |       532.9碌s |                 | GET      "/api/connections"
--- PASS: TestGetConnections (0.01s)
=== RUN   TestCreateConnection
[GIN] 2026/01/20 - 09:57:07 | 200 |      8.9717ms |                 | POST     "/api/connections"
--- PASS: TestCreateConnection (0.01s)
=== RUN   TestCreateConnection_InvalidJSON
[GIN] 2026/01/20 - 09:57:07 | 400 |       528.3碌s |                 | POST     "/api/connections"
--- PASS: TestCreateConnection_InvalidJSON (0.00s)
=== RUN   TestUpdateConnection
[GIN] 2026/01/20 - 09:57:07 | 200 |      7.1726ms |                 | PUT      "/api/connections/1"
--- PASS: TestUpdateConnection (0.01s)
=== RUN   TestUpdateConnection_InvalidID
[GIN] 2026/01/20 - 09:57:07 | 400 |            0s |                 | PUT      "/api/connections/invalid"
--- PASS: TestUpdateConnection_InvalidID (0.00s)
=== RUN   TestDeleteConnection
[GIN] 2026/01/20 - 09:57:07 | 200 |            0s |                 | DELETE   "/api/connections/999"
--- PASS: TestDeleteConnection (0.00s)
=== RUN   TestDeleteConnection_InvalidID
[GIN] 2026/01/20 - 09:57:07 | 400 |            0s |                 | DELETE   "/api/connections/invalid"
--- PASS: TestDeleteConnection_InvalidID (0.00s)
=== RUN   TestTestConnection
[GIN] 2026/01/20 - 09:57:07 | 200 |            0s |                 | POST     "/api/connections/test"
--- PASS: TestTestConnection (0.00s)
=== RUN   TestTestConnection_InvalidJSON
[GIN] 2026/01/20 - 09:57:07 | 400 |            0s |                 | POST     "/api/connections/test"
--- PASS: TestTestConnection_InvalidJSON (0.00s)
=== RUN   TestGetTables
[GIN] 2026/01/20 - 09:57:07 | 404 |            0s |                 | POST     "/api/tables"
--- PASS: TestGetTables (0.00s)
=== RUN   TestGetTables_InvalidJSON
[GIN] 2026/01/20 - 09:57:07 | 400 |       783.7碌s |                 | POST     "/api/tables"
--- PASS: TestGetTables_InvalidJSON (0.00s)
=== RUN   TestGetColumns
[GIN] 2026/01/20 - 09:57:07 | 404 |            0s |                 | POST     "/api/columns"
--- PASS: TestGetColumns (0.00s)
=== RUN   TestGetColumns_InvalidJSON
[GIN] 2026/01/20 - 09:57:07 | 400 |            0s |                 | POST     "/api/columns"
--- PASS: TestGetColumns_InvalidJSON (0.00s)
=== RUN   TestGetGeneratorConfigs
[GIN] 2026/01/20 - 09:57:07 | 200 |            0s |                 | GET      "/api/generator-configs"
--- PASS: TestGetGeneratorConfigs (0.00s)
=== RUN   TestSaveGeneratorConfig
[GIN] 2026/01/20 - 09:57:07 | 200 |       15.04ms |                 | POST     "/api/generator-configs"
--- PASS: TestSaveGeneratorConfig (0.02s)
=== RUN   TestSaveGeneratorConfig_InvalidJSON
[GIN] 2026/01/20 - 09:57:07 | 400 |            0s |                 | POST     "/api/generator-configs"
--- PASS: TestSaveGeneratorConfig_InvalidJSON (0.00s)
=== RUN   TestDeleteGeneratorConfig
[GIN] 2026/01/20 - 09:57:07 | 200 |            0s |                 | DELETE   "/api/generator-configs/nonexistent_config"
--- PASS: TestDeleteGeneratorConfig (0.00s)
=== RUN   TestGenerateCode_InvalidDatabase
2026/01/20 09:57:07 INFO: 寮€濮嬬敓鎴愪唬鐮?- DatabaseID: 999, Table: test_table
2026/01/20 09:57:07 INFO: 閰嶇疆 - Package: , UseJsonProperty: false, JsonPropertyUpperCase: false
2026/01/20 09:57:07 INFO: 浣跨敤涓存椂鐩綍: D:\work\ProjectWorkspace\antigravity\mybatis-generator-gui-go\internal\api\temp\gen_20260120_095707_tbihz2v0
2026/01/20 09:57:07 ERROR: 鏁版嵁搴撻厤缃笉瀛樺湪 - ID: 999
[GIN] 2026/01/20 - 09:57:07 | 404 |         534碌s |                 | POST     "/api/generate"
--- PASS: TestGenerateCode_InvalidDatabase (0.00s)
=== RUN   TestGenerateCode_InvalidJSON
2026/01/20 09:57:07 ERROR: 瑙ｆ瀽璇锋眰澶辫触: invalid character 'i' looking for beginning of value
[GIN] 2026/01/20 - 09:57:07 | 400 |            0s |                 | POST     "/api/generate"
--- PASS: TestGenerateCode_InvalidJSON (0.00s)
=== RUN   TestDownloadCode_NotFound
2026/01/20 09:57:07 INFO: 璇锋眰涓嬭浇 - ID: invalid_id
2026/01/20 09:57:07 ERROR: 涓嬭浇ID涓嶅瓨鍦? invalid_id
[GIN] 2026/01/20 - 09:57:07 | 404 |            0s |                 | GET      "/api/download/invalid_id"
--- PASS: TestDownloadCode_NotFound (0.00s)
=== RUN   TestGetFileNames
--- PASS: TestGetFileNames (0.00s)
=== RUN   TestGenerateRandomString
--- PASS: TestGenerateRandomString (0.00s)
=== RUN   TestCheckAuth_NoCookie
[GIN] 2026/01/20 - 09:57:07 | 200 |            0s |                 | GET      "/test"
--- PASS: TestCheckAuth_NoCookie (0.00s)
=== RUN   TestCheckAuth_ValidCookie
[GIN] 2026/01/20 - 09:57:07 | 200 |            0s |                 | GET      "/test"
--- PASS: TestCheckAuth_ValidCookie (0.00s)
=== RUN   TestAuthMiddleware_Unauthorized
[GIN] 2026/01/20 - 09:57:07 | 401 |            0s |                 | GET      "/protected"
--- PASS: TestAuthMiddleware_Unauthorized (0.00s)
=== RUN   TestAuthMiddleware_Authorized
[GIN] 2026/01/20 - 09:57:07 | 200 |            0s |                 | GET      "/protected"
--- PASS: TestAuthMiddleware_Authorized (0.00s)
=== RUN   TestHandleLoginPage
2026/01/20 09:57:07 [璁块棶] GET /login - 鐧诲綍椤?[GIN] 2026/01/20 - 09:57:07 | 200 |            0s |                 | GET      "/login"
--- PASS: TestHandleLoginPage (0.00s)
=== RUN   TestHandleLoginPage_AlreadyLoggedIn
2026/01/20 09:57:07 [璁块棶] GET /login - 鐧诲綍椤?2026/01/20 09:57:07 [鎺堟潈] 鐢ㄦ埛宸茬櫥褰曪紝閲嶅畾鍚戝埌涓婚〉
[GIN] 2026/01/20 - 09:57:07 | 302 |            0s |                 | GET      "/login"
--- PASS: TestHandleLoginPage_AlreadyLoggedIn (0.00s)
=== RUN   TestHandleLoginAPI_Success
2026/01/20 09:57:07 [璁块棶] POST /api/login - 鐧诲綍楠岃瘉鎺ュ彛
2026/01/20 09:57:07 [澶辫触] 鐧诲綍楠岃瘉澶辫触
[GIN] 2026/01/20 - 09:57:07 | 200 |     96.1226ms |                 | POST     "/api/login"
    api_test.go:540: 
        	Error Trace:	D:/work/ProjectWorkspace/antigravity/mybatis-generator-gui-go/internal/api/api_test.go:540
        	Error:      	Should be true
        	Test:       	TestHandleLoginAPI_Success
--- FAIL: TestHandleLoginAPI_Success (0.10s)
=== RUN   TestHandleLoginAPI_WrongCredentials
2026/01/20 09:57:07 [璁块棶] POST /api/login - 鐧诲綍楠岃瘉鎺ュ彛
2026/01/20 09:57:07 [澶辫触] 鐧诲綍楠岃瘉澶辫触
[GIN] 2026/01/20 - 09:57:07 | 200 |     94.6327ms |                 | POST     "/api/login"
--- PASS: TestHandleLoginAPI_WrongCredentials (0.10s)
=== RUN   TestHandleLoginAPI_InvalidJSON
2026/01/20 09:57:07 [璁块棶] POST /api/login - 鐧诲綍楠岃瘉鎺ュ彛
2026/01/20 09:57:07 [閿欒] 瑙ｆ瀽鐧诲綍璇锋眰澶辫触: invalid character 'i' looking for beginning of value
[GIN] 2026/01/20 - 09:57:07 | 400 |            0s |                 | POST     "/api/login"
--- PASS: TestHandleLoginAPI_InvalidJSON (0.00s)
=== RUN   TestHandleLogout
2026/01/20 09:57:07 [璁块棶] GET /logout - 鐧诲嚭
[GIN] 2026/01/20 - 09:57:07 | 302 |            0s |                 | GET      "/logout"
--- PASS: TestHandleLogout (0.00s)
=== RUN   TestHandleIndexWithAuth_Redirect
2026/01/20 09:57:07 [璁块棶] GET / - 涓婚〉
2026/01/20 09:57:07 [鎺堟潈] 鏈櫥褰曪紝閲嶅畾鍚戝埌 /login
[GIN] 2026/01/20 - 09:57:07 | 302 |            0s |                 | GET      "/"
--- PASS: TestHandleIndexWithAuth_Redirect (0.00s)
=== RUN   TestHandleIndexWithAuth_Authenticated
2026/01/20 09:57:07 [璁块棶] GET / - 涓婚〉
[GIN] 2026/01/20 - 09:57:07 | 200 |       506.4碌s |                 | GET      "/"
--- PASS: TestHandleIndexWithAuth_Authenticated (0.00s)
=== RUN   TestGetVersion
[GIN] 2026/01/20 - 09:57:07 | 200 |            0s |                 | GET      "/api/version"
--- PASS: TestGetVersion (0.00s)
FAIL
FAIL	github.com/yourusername/mybatis-generator-gui-go/internal/api	0.268s
FAIL
